; list of drivers on the demo CD media use 'dir /b' to create
; only lines for files xxxx.NIF are use from this list.
ARLTNDIS.NIF
ARLTNDIS.OS2
B44A.NIF
B44A.OS2
COMETA.NIF
COMETA.OS2
DC21X4.NIF
DC21X4.OS2
DP815A.NIF
DP815A.OS2
DP820A.NIF
DP820A.OS2
E1000.MSG
E1000.NIF
E1000.OS2
E100B.MSG
E100B.OS2
E100BEO2.NIF
EL3IBMO2.NIF
EL515.OS2
EL515IO2.NIF
EL59X.OS2
EL59XIO2.NIF
EL90X.OS2
EL90XIO2.NIF
ELNK16.NIF
ELNK16.OS2
ELNK3.OS2
ELNKII.NIF
ELNKII.OS2
ELNKMC.NIF
ELNKMC.OS2
ELPC3.OS2
ELPC3OS2.NIF
ELPC3X.OS2
ELPCXOS2.NIF
ETHOS2AT.NIF
ETHOS2MC.NIF
EXP16.NIF
EXP16.OS2
EXP16.TXT
I2OLOSM.NIF
I2OLOSM.OS2
IBM16OS2.NIF
IBM16TR.OS2
IBM16TR.TXT
IBMCNDIS.OS2
IBMCODI.OS2
IBMCOS2.NIF
IBMEANDI.NIF
IBMEANDI.OS2
IBMEANDI.TXT
IBMEINDI.NIF
IBMEINDI.OS2
IBMEIOS2.NIF
IBMEITR.OS2
IBMENI.NIF
IBMENI.OS2
IBMENI.TXT
IBMENII.NIF
IBMENII.OS2
IBMENII.TXT
IBMESAN2.NIF
IBMESAN2.OS2
IBMEXNDI.NIF
IBMEXNDI.OS2
IBMFDX.NIF
IBMFDX.OS2
IBMFDX.TXT
IBMFE.OS2
IBMFEEO2.NIF
IBMGC.NIF
IBMGC.OS2
IBMGE.NIF
IBMGE.OS2
IBMGU.NIF
IBMGU.OS2
IBMMPC.DOC
IBMMPC.NIF
IBMMPC.OS2
IBMPRISM.NIF
IBMPRISM.OS2
IBMTOK.NIF
IBMTOK.OS2
IBMTOKC.NIF
IBMTOKCS.NIF
IBMTOKCS.OS2
IBMTRBM.NIF
IBMTRBM.OS2
IBMTRDB.NIF
IBMTRP.DOC
IBMTRP.NIF
IBMTRP.OS2
IBMWIFI2.NIF
IBMWIFI2.OS2
INTEL.TXT
INTEL16.NIF
INTEL16.OS2
INTEL32.NIF
INTEL32.OS2
IRDANDIS.NIF
IRDANDIS.OS2
KNGSTN1.NIF
KTC2000.NIF
KTC2000.OS2
KTC40.NIF
KTC40.OS2
MACETH.NIF
MACETH.OS2
MACETH2.OS2
MACS.ZIP
MDGND.NIF
MDGND.OS2
MONT400.BIN
NULLNDIS.NIF
NULLNDIS.OS2
OLITOK.NIF
OLITOK16.OS2
OLITOK32.NIF
OLITOK32.OS2
OLITOKCE.NIF
PCIND.OS2
PCISETUP.OS2
PCMNICCS.NIF
PCMNICCS.OS2
PCNTND.NIF
PCNTND.OS2
PMAC.EXE
PMAC.NIF
PMAC.OS2
PMAC.TXT
PNPND.OS2
READMAC.TXT
README.TXT
RTFND.OS2
RTGNDA.NIF
RTGNDA.OS2
RTL09.OS2
RTL8009.NIF
RTL8019.NIF
RTL8029.NIF
RTL8129.NIF
RTL8139.NIF
RTR16NDS.NIF
RTR16NDS.OS2
RTR16NDS.TXT
RTSND.OS2
RTSNDDMN.EXE
SIS90A.NIF
SIS90A.OS2
SMARTND.NIF
SMARTND.OS2
SMC8000.OS2
SMC8000.TXT
SMC8100.OS2
SMC8100.TXT
SMC8232.OS2
SMC8232.TXT
SMC8332.OS2
SMC8332.TXT
SMCOS2E.NIF
SMCOS2ET.NIF
TC902X.NIF
TC902X.OS2
TCTTOK.NIF
TL3C3X9.NIF
TL3C3X9.OS2
TLNKIII.NIF
TLPC3.NIF
TLPC3.OS2
TOKOS2AT.NIF
TOKOS2MC.NIF
USBETHR.NIF
USBETHR.OS2
VFET1A.NIF
VFET1A.OS2
VFET2A.NIF
VFET2A.OS2
VFET3A.NIF
VFET3A.OS2
VGEND2.NIF
VGEND2.OS2
WIFISTAT.EXE
WRTRAM.BIN
